e:\workspace_f\vulkan_rhi_rg_practice\x64\debug\mv_rendererbackend.pdb
e:\workspace_f\vulkan_rhi_rg_practice\x64\debug\mv_rendererbackend.idb
e:\workspace_f\vulkan_rhi_rg_practice\mv_rendererbackend\x64\debug\vulkan_swapchain.obj
e:\workspace_f\vulkan_rhi_rg_practice\mv_rendererbackend\x64\debug\vulkan_rhi.obj
e:\workspace_f\vulkan_rhi_rg_practice\mv_rendererbackend\x64\debug\vulkan_resource.obj
e:\workspace_f\vulkan_rhi_rg_practice\mv_rendererbackend\x64\debug\vulkan_pipeline.obj
e:\workspace_f\vulkan_rhi_rg_practice\mv_rendererbackend\x64\debug\vulkan_memory.obj
e:\workspace_f\vulkan_rhi_rg_practice\mv_rendererbackend\x64\debug\vulkan_frame_resource.obj
e:\workspace_f\vulkan_rhi_rg_practice\mv_rendererbackend\x64\debug\vulkan_device.obj
e:\workspace_f\vulkan_rhi_rg_practice\mv_rendererbackend\x64\debug\vulkan_descriptor.obj
e:\workspace_f\vulkan_rhi_rg_practice\mv_rendererbackend\x64\debug\vulkan_command.obj
e:\workspace_f\vulkan_rhi_rg_practice\mv_rendererbackend\x64\debug\rhi.obj
e:\workspace_f\vulkan_rhi_rg_practice\mv_rendererbackend\x64\debug\commandbuffer.obj
e:\workspace_f\vulkan_rhi_rg_practice\mv_rendererbackend\x64\debug\tlsf_allocator.obj
e:\workspace_f\vulkan_rhi_rg_practice\x64\debug\mv_rendererbackend.lib
e:\workspace_f\vulkan_rhi_rg_practice\mv_rendererbackend\x64\debug\mv_rende.5d1c79cc.tlog\cl.command.1.tlog
e:\workspace_f\vulkan_rhi_rg_practice\mv_rendererbackend\x64\debug\mv_rende.5d1c79cc.tlog\cl.items.tlog
e:\workspace_f\vulkan_rhi_rg_practice\mv_rendererbackend\x64\debug\mv_rende.5d1c79cc.tlog\cl.read.1.tlog
e:\workspace_f\vulkan_rhi_rg_practice\mv_rendererbackend\x64\debug\mv_rende.5d1c79cc.tlog\cl.write.1.tlog
e:\workspace_f\vulkan_rhi_rg_practice\mv_rendererbackend\x64\debug\mv_rende.5d1c79cc.tlog\lib-link.read.1.tlog
e:\workspace_f\vulkan_rhi_rg_practice\mv_rendererbackend\x64\debug\mv_rende.5d1c79cc.tlog\lib-link.write.1.tlog
e:\workspace_f\vulkan_rhi_rg_practice\mv_rendererbackend\x64\debug\mv_rende.5d1c79cc.tlog\lib.command.1.tlog
