  render_graph.cpp
  gltf_loader.cpp
  material_system.cpp
  pipeline.cpp
  imgui_renderer.cpp
  virtual_texture.cpp
  cascaded_shadow_map.cpp
  environment.cpp
  post_process.cpp
  effects.cpp
  noise.cpp
  terrain.cpp
  mip_generator.cpp
  buffer_fill.cpp
  terrain_builder.cpp
  environment_baker.cpp
  cloud_renderer.cpp
  water_surface.cpp
  imgui.cpp
  imgui_draw.cpp
  コードを生成中...
  コンパイル中...
  imgui_tables.cpp
  imgui_widgets.cpp
  imgui_demo.cpp
  imgui_impl_win32.cpp
  コードを生成中...
  mv_RendererCore.vcxproj -> E:\workspace_f\vulkan_rhi_rg_practice\x64\Debug\mv_RendererCore.lib
